apptechp1.htm
apptechp2.htm
apptechp3.htm
apptechp4.htm
apptechp5.htm
apptechp6.htm
apptechp7.htm
apptechp8.htm
apptechp9.htm
apptechp10.htm
apptechp11.htm
apptechp12.htm
apptechp13.htm
apptechp14.htm
apptechp15.htm
apptechp16.htm
apptechp17.htm
apptechp18.htm
apptechp19.htm
apptechp20.htm
apptechp21.htm
apptechp22.htm
apptechp23.htm
apptechp24.htm
apptechp25.htm
apptechp26.htm
apptechp27.htm
apptechp28.htm
apptechp29.htm
apptechp30.htm
apptechp31.htm
apptechp32.htm
apptechp33.htm
apptechp34.htm
apptechp35.htm
apptechp36.htm
apptechp37.htm
apptechp38.htm
apptechp39.htm
apptechp40.htm
apptechp41.htm
apptechp42.htm
apptechp43.htm
apptechp44.htm
apptechp45.htm
apptechp46.htm
apptechp47.htm
apptechp48.htm
apptechp49.htm
apptechp50.htm
apptechp51.htm
apptechp52.htm
apptechp53.htm
apptechp54.htm
apptechp55.htm
apptechp56.htm
apptechp57.htm
apptechp58.htm
apptechp59.htm
apptechp60.htm
apptechp61.htm
apptechp62.htm
apptechp63.htm
apptechp64.htm
apptechp65.htm
apptechp66.htm
apptechp67.htm
apptechp68.htm
apptechp69.htm
apptechp70.htm
apptechp71.htm
apptechp72.htm
apptechp73.htm
apptechp74.htm
apptechp75.htm
apptechp76.htm
apptechp77.htm
apptechp78.htm
apptechp79.htm
apptechp80.htm
apptechp81.htm
apptechp82.htm
apptechp83.htm
apptechp84.htm
apptechp85.htm
apptechp86.htm
apptechp87.htm
apptechp88.htm
apptechp89.htm
apptechp90.htm
apptechp91.htm
apptechp92.htm
apptechp93.htm
apptechp94.htm
apptechp95.htm
apptechp96.htm
apptechp97.htm
apptechp98.htm
apptechp99.htm
apptechp100.htm
apptechp101.htm
apptechp102.htm
apptechp103.htm
apptechp104.htm
apptechp105.htm
apptechp106.htm
apptechp107.htm
apptechp108.htm
apptechp109.htm
apptechp110.htm
apptechp111.htm
apptechp112.htm
apptechp113.htm
apptechp114.htm
apptechp115.htm
apptechp116.htm
apptechp117.htm
apptechp118.htm
apptechp119.htm
apptechp120.htm
apptechp121.htm
apptechp122.htm
apptechp123.htm
apptechp124.htm
apptechp125.htm
apptechp126.htm
apptechp127.htm
apptechp128.htm
apptechp129.htm
apptechp130.htm
apptechp131.htm
apptechp132.htm
apptechp133.htm
apptechp134.htm
apptechp135.htm
apptechp136.htm
apptechp137.htm
apptechp138.htm
apptechp139.htm
apptechp140.htm
apptechp141.htm
apptechp142.htm
apptechp143.htm
apptechp144.htm
apptechp145.htm
apptechp146.htm
apptechp147.htm
apptechp148.htm
apptechp149.htm
apptechp150.htm
apptechp151.htm
apptechp152.htm
apptechp153.htm
apptechp154.htm
apptechp155.htm
apptechp156.htm
apptechp157.htm
apptechp158.htm
apptechp159.htm
apptechp160.htm
apptechp161.htm
apptechp162.htm
apptechp163.htm
apptechp164.htm
apptechp165.htm
apptechp166.htm
apptechp167.htm
apptechp168.htm
apptechp169.htm
apptechp170.htm
apptechp171.htm
apptechp172.htm
apptechp173.htm
apptechp174.htm
apptechp175.htm
apptechp176.htm
apptechp177.htm
apptechp178.htm
apptechp179.htm
apptechp180.htm
apptechp181.htm
apptechp182.htm
apptechp183.htm
apptechp184.htm
apptechp185.htm
apptechp186.htm
apptechp187.htm
apptechp188.htm
apptechp189.htm
apptechp190.htm
apptechp191.htm
apptechp192.htm
apptechp193.htm
apptechp194.htm
apptechp195.htm
apptechp196.htm
apptechp197.htm
apptechp198.htm
apptechp199.htm
apptechp200.htm
apptechp201.htm
apptechp202.htm
apptechp203.htm
apptechp204.htm
apptechp205.htm
apptechp206.htm
apptechp207.htm
apptechp208.htm
apptechp209.htm
apptechp210.htm
apptechp211.htm
apptechp212.htm
apptechp213.htm
apptechp214.htm
apptechp215.htm
apptechp216.htm
apptechp217.htm
apptechp218.htm
apptechp219.htm
apptechp220.htm
apptechp221.htm
apptechp222.htm
apptechp223.htm
apptechp224.htm
apptechp225.htm
apptechp226.htm
apptechp227.htm
apptechp228.htm
apptechp229.htm
apptechp230.htm
apptechp231.htm
apptechp232.htm
apptechp233.htm
apptechp234.htm
apptechp235.htm
apptechp236.htm
apptechp237.htm
apptechp238.htm
apptechp239.htm
apptechp240.htm
apptechp241.htm
apptechp242.htm
apptechp243.htm
apptechp244.htm
apptechp245.htm
apptechp246.htm
apptechp247.htm
apptechp248.htm
apptechp249.htm
apptechp250.htm
apptechp251.htm
apptechp252.htm
apptechp253.htm
apptechp254.htm
apptechp255.htm
apptechp256.htm
apptechp257.htm
apptechp258.htm
apptechp259.htm
apptechp260.htm
apptechp261.htm
apptechp262.htm
apptechp263.htm
apptechp264.htm
apptechp265.htm
apptechp266.htm
apptechp267.htm
apptechp268.htm
apptechp269.htm
apptechp270.htm
apptechp271.htm
apptechp272.htm
apptechp273.htm
apptechp274.htm
apptechp275.htm
apptechp276.htm
apptechp277.htm
apptechp278.htm
apptechp279.htm
apptechp280.htm
apptechp281.htm
apptechp282.htm
apptechp283.htm
apptechp284.htm
