pbugp1.htm
pbugp2.htm
pbugp3.htm
pbugp4.htm
pbugp5.htm
pbugp6.htm
pbugp7.htm
pbugp8.htm
pbugp9.htm
pbugp10.htm
pbugp11.htm
pbugp12.htm
pbugp13.htm
pbugp14.htm
pbugp15.htm
pbugp16.htm
pbugp17.htm
pbugp18.htm
pbugp19.htm
pbugp20.htm
pbugp21.htm
pbugp22.htm
pbugp23.htm
pbugp24.htm
pbugp25.htm
pbugp26.htm
pbugp27.htm
pbugp28.htm
pbugp29.htm
pbugp30.htm
pbugp31.htm
pbugp32.htm
pbugp33.htm
pbugp34.htm
pbugp35.htm
pbugp36.htm
pbugp37.htm
pbugp38.htm
pbugp39.htm
pbugp40.htm
pbugp41.htm
pbugp42.htm
pbugp43.htm
pbugp44.htm
pbugp45.htm
pbugp46.htm
pbugp47.htm
pbugp48.htm
pbugp49.htm
pbugp50.htm
pbugp51.htm
pbugp52.htm
pbugp53.htm
pbugp54.htm
pbugp55.htm
pbugp56.htm
pbugp57.htm
pbugp58.htm
pbugp59.htm
pbugp60.htm
pbugp61.htm
pbugp62.htm
pbugp63.htm
pbugp64.htm
pbugp65.htm
pbugp66.htm
pbugp67.htm
pbugp68.htm
pbugp69.htm
pbugp70.htm
pbugp71.htm
pbugp72.htm
pbugp73.htm
pbugp74.htm
pbugp75.htm
pbugp76.htm
pbugp77.htm
pbugp78.htm
pbugp79.htm
pbugp80.htm
pbugp81.htm
pbugp82.htm
pbugp83.htm
pbugp84.htm
pbugp85.htm
pbugp86.htm
pbugp87.htm
pbugp88.htm
pbugp89.htm
pbugp90.htm
pbugp91.htm
pbugp92.htm
pbugp93.htm
pbugp94.htm
pbugp95.htm
pbugp96.htm
pbugp97.htm
pbugp98.htm
pbugp99.htm
pbugp100.htm
pbugp101.htm
pbugp102.htm
pbugp103.htm
pbugp104.htm
pbugp105.htm
pbugp106.htm
pbugp107.htm
pbugp108.htm
pbugp109.htm
pbugp110.htm
pbugp111.htm
pbugp112.htm
pbugp113.htm
pbugp114.htm
pbugp115.htm
pbugp116.htm
pbugp117.htm
pbugp118.htm
pbugp119.htm
pbugp120.htm
pbugp121.htm
pbugp122.htm
pbugp123.htm
pbugp124.htm
pbugp125.htm
pbugp126.htm
pbugp127.htm
pbugp128.htm
pbugp129.htm
pbugp130.htm
pbugp131.htm
pbugp132.htm
pbugp133.htm
pbugp134.htm
pbugp135.htm
pbugp136.htm
pbugp137.htm
pbugp138.htm
pbugp139.htm
pbugp140.htm
pbugp141.htm
pbugp142.htm
pbugp143.htm
pbugp144.htm
pbugp145.htm
pbugp146.htm
pbugp147.htm
pbugp148.htm
pbugp149.htm
pbugp150.htm
pbugp151.htm
pbugp152.htm
pbugp153.htm
pbugp154.htm
pbugp155.htm
pbugp156.htm
pbugp157.htm
pbugp158.htm
pbugp159.htm
pbugp160.htm
pbugp161.htm
pbugp162.htm
pbugp163.htm
pbugp164.htm
pbugp165.htm
pbugp166.htm
pbugp167.htm
pbugp168.htm
pbugp169.htm
pbugp170.htm
pbugp171.htm
pbugp172.htm
pbugp173.htm
pbugp174.htm
pbugp175.htm
pbugp176.htm
pbugp177.htm
pbugp178.htm
pbugp179.htm
pbugp180.htm
pbugp181.htm
pbugp182.htm
pbugp183.htm
pbugp184.htm
pbugp185.htm
pbugp186.htm
pbugp187.htm
pbugp188.htm
pbugp189.htm
pbugp190.htm
pbugp191.htm
pbugp192.htm
pbugp193.htm
pbugp194.htm
pbugp195.htm
pbugp196.htm
pbugp197.htm
pbugp198.htm
pbugp199.htm
pbugp200.htm
pbugp201.htm
pbugp202.htm
pbugp203.htm
pbugp204.htm
pbugp205.htm
pbugp206.htm
pbugp207.htm
pbugp208.htm
pbugp209.htm
pbugp210.htm
pbugp211.htm
pbugp212.htm
pbugp213.htm
pbugp214.htm
pbugp215.htm
pbugp216.htm
pbugp217.htm
pbugp218.htm
pbugp219.htm
pbugp220.htm
pbugp221.htm
pbugp222.htm
pbugp223.htm
pbugp224.htm
pbugp225.htm
pbugp226.htm
pbugp227.htm
pbugp228.htm
pbugp229.htm
pbugp230.htm
pbugp231.htm
pbugp232.htm
pbugp233.htm
pbugp234.htm
pbugp235.htm
pbugp236.htm
pbugp237.htm
pbugp238.htm
pbugp239.htm
pbugp240.htm
pbugp241.htm
pbugp242.htm
pbugp243.htm
pbugp244.htm
pbugp245.htm
pbugp246.htm
pbugp247.htm
pbugp248.htm
pbugp249.htm
pbugp250.htm
pbugp251.htm
pbugp252.htm
pbugp253.htm
pbugp254.htm
pbugp255.htm
pbugp256.htm
pbugp257.htm
pbugp258.htm
pbugp259.htm
pbugp260.htm
pbugp261.htm
pbugp262.htm
pbugp263.htm
pbugp264.htm
pbugp265.htm
pbugp266.htm
pbugp267.htm
pbugp268.htm
pbugp269.htm
pbugp270.htm
pbugp271.htm
pbugp272.htm
pbugp273.htm
pbugp274.htm
pbugp275.htm
pbugp276.htm
pbugp277.htm
pbugp278.htm
